// Jest Snapshot v1, https://goo.gl/fbAQLP

exports[`pruebas GifGridItem debe hacer match con el snapshot 1`] = `
<div>
  <div
    class="card"
  >
    <img
      alt="one Punch"
      src="https://media4.giphy.com/media/Qm3xCXWifrgzb9aEqg/giphy.gif?cid=ae0bb4fawd335f9tdt7owa3rdpeg3zltwpmroo4cc8k39b3a&ep=v1_gifs_search&rid=giphy.gif&ct=g"
    />
    <p>
      one Punch
    </p>
  </div>
</div>
`;
